  Main.cpp
  Note: including lib: glut32.lib
D:\sheng\WACV2023-High-Resolution-Depth-Estimation-for-360deg-Panoramas-Through-Perspective-and-Panoramic-Dep\Main.cpp(178,12): warning C4244: '=': 將 'double' 轉換為 'float'，由於類型不同，可能導致資料遺失
D:\sheng\WACV2023-High-Resolution-Depth-Estimation-for-360deg-Panoramas-Through-Perspective-and-Panoramic-Dep\Main.cpp(179,16): warning C4244: '正在初始化': 將 'double' 轉換為 'float'，由於類型不同，可能導致資料遺失
D:\sheng\WACV2023-High-Resolution-Depth-Estimation-for-360deg-Panoramas-Through-Perspective-and-Panoramic-Dep\Main.cpp(180,33): warning C4244: '=': 將 'double' 轉換為 'float'，由於類型不同，可能導致資料遺失
D:\sheng\WACV2023-High-Resolution-Depth-Estimation-for-360deg-Panoramas-Through-Perspective-and-Panoramic-Dep\Main.cpp(341,14): warning C4244: '正在初始化': 將 'double' 轉換為 'float'，由於類型不同，可能導致資料遺失
D:\sheng\WACV2023-High-Resolution-Depth-Estimation-for-360deg-Panoramas-Through-Perspective-and-Panoramic-Dep\Main.cpp(342,14): warning C4244: '正在初始化': 將 'double' 轉換為 'float'，由於類型不同，可能導致資料遺失
D:\sheng\WACV2023-High-Resolution-Depth-Estimation-for-360deg-Panoramas-Through-Perspective-and-Panoramic-Dep\Main.cpp(347,16): warning C4244: '正在初始化': 將 'double' 轉換為 'float'，由於類型不同，可能導致資料遺失
D:\sheng\WACV2023-High-Resolution-Depth-Estimation-for-360deg-Panoramas-Through-Perspective-and-Panoramic-Dep\Main.cpp(376,23): warning C4244: '正在初始化': 將 'float' 轉換為 'int'，由於類型不同，可能導致資料遺失
D:\sheng\WACV2023-High-Resolution-Depth-Estimation-for-360deg-Panoramas-Through-Perspective-and-Panoramic-Dep\Main.cpp(385,28): warning C4244: '=': 將 'float' 轉換為 'int'，由於類型不同，可能導致資料遺失
D:\sheng\WACV2023-High-Resolution-Depth-Estimation-for-360deg-Panoramas-Through-Perspective-and-Panoramic-Dep\Main.cpp(393,27): warning C4244: '=': 將 'float' 轉換為 'int'，由於類型不同，可能導致資料遺失
D:\sheng\WACV2023-High-Resolution-Depth-Estimation-for-360deg-Panoramas-Through-Perspective-and-Panoramic-Dep\Main.cpp(1767,22): warning C4244: '=': 將 'double' 轉換為 'float'，由於類型不同，可能導致資料遺失
D:\sheng\WACV2023-High-Resolution-Depth-Estimation-for-360deg-Panoramas-Through-Perspective-and-Panoramic-Dep\Main.cpp(1767,50): warning C4244: '=': 將 'double' 轉換為 'float'，由於類型不同，可能導致資料遺失
D:\sheng\WACV2023-High-Resolution-Depth-Estimation-for-360deg-Panoramas-Through-Perspective-and-Panoramic-Dep\Main.cpp(1768,22): warning C4244: '=': 將 'double' 轉換為 'float'，由於類型不同，可能導致資料遺失
D:\sheng\WACV2023-High-Resolution-Depth-Estimation-for-360deg-Panoramas-Through-Perspective-and-Panoramic-Dep\Main.cpp(1768,50): warning C4244: '=': 將 'double' 轉換為 'float'，由於類型不同，可能導致資料遺失
D:\sheng\WACV2023-High-Resolution-Depth-Estimation-for-360deg-Panoramas-Through-Perspective-and-Panoramic-Dep\Main.cpp(1769,22): warning C4244: '=': 將 'double' 轉換為 'float'，由於類型不同，可能導致資料遺失
D:\sheng\WACV2023-High-Resolution-Depth-Estimation-for-360deg-Panoramas-Through-Perspective-and-Panoramic-Dep\Main.cpp(1769,50): warning C4244: '=': 將 'double' 轉換為 'float'，由於類型不同，可能導致資料遺失
D:\sheng\WACV2023-High-Resolution-Depth-Estimation-for-360deg-Panoramas-Through-Perspective-and-Panoramic-Dep\Main.cpp(1770,22): warning C4244: '=': 將 'double' 轉換為 'float'，由於類型不同，可能導致資料遺失
D:\sheng\WACV2023-High-Resolution-Depth-Estimation-for-360deg-Panoramas-Through-Perspective-and-Panoramic-Dep\Main.cpp(1770,50): warning C4244: '=': 將 'double' 轉換為 'float'，由於類型不同，可能導致資料遺失
D:\sheng\WACV2023-High-Resolution-Depth-Estimation-for-360deg-Panoramas-Through-Perspective-and-Panoramic-Dep\Main.cpp(1771,22): warning C4244: '=': 將 'double' 轉換為 'float'，由於類型不同，可能導致資料遺失
D:\sheng\WACV2023-High-Resolution-Depth-Estimation-for-360deg-Panoramas-Through-Perspective-and-Panoramic-Dep\Main.cpp(1771,50): warning C4244: '=': 將 'double' 轉換為 'float'，由於類型不同，可能導致資料遺失
D:\sheng\WACV2023-High-Resolution-Depth-Estimation-for-360deg-Panoramas-Through-Perspective-and-Panoramic-Dep\Main.cpp(1772,22): warning C4244: '=': 將 'double' 轉換為 'float'，由於類型不同，可能導致資料遺失
D:\sheng\WACV2023-High-Resolution-Depth-Estimation-for-360deg-Panoramas-Through-Perspective-and-Panoramic-Dep\Main.cpp(1772,56): warning C4244: '=': 將 'double' 轉換為 'float'，由於類型不同，可能導致資料遺失
D:\sheng\WACV2023-High-Resolution-Depth-Estimation-for-360deg-Panoramas-Through-Perspective-and-Panoramic-Dep\Main.cpp(1844,22): warning C4244: '=': 將 'double' 轉換為 'float'，由於類型不同，可能導致資料遺失
D:\sheng\WACV2023-High-Resolution-Depth-Estimation-for-360deg-Panoramas-Through-Perspective-and-Panoramic-Dep\Main.cpp(1844,50): warning C4244: '=': 將 'double' 轉換為 'float'，由於類型不同，可能導致資料遺失
D:\sheng\WACV2023-High-Resolution-Depth-Estimation-for-360deg-Panoramas-Through-Perspective-and-Panoramic-Dep\Main.cpp(1845,22): warning C4244: '=': 將 'double' 轉換為 'float'，由於類型不同，可能導致資料遺失
D:\sheng\WACV2023-High-Resolution-Depth-Estimation-for-360deg-Panoramas-Through-Perspective-and-Panoramic-Dep\Main.cpp(1845,50): warning C4244: '=': 將 'double' 轉換為 'float'，由於類型不同，可能導致資料遺失
D:\sheng\WACV2023-High-Resolution-Depth-Estimation-for-360deg-Panoramas-Through-Perspective-and-Panoramic-Dep\Main.cpp(1846,22): warning C4244: '=': 將 'double' 轉換為 'float'，由於類型不同，可能導致資料遺失
D:\sheng\WACV2023-High-Resolution-Depth-Estimation-for-360deg-Panoramas-Through-Perspective-and-Panoramic-Dep\Main.cpp(1846,50): warning C4244: '=': 將 'double' 轉換為 'float'，由於類型不同，可能導致資料遺失
D:\sheng\WACV2023-High-Resolution-Depth-Estimation-for-360deg-Panoramas-Through-Perspective-and-Panoramic-Dep\Main.cpp(1847,22): warning C4244: '=': 將 'double' 轉換為 'float'，由於類型不同，可能導致資料遺失
D:\sheng\WACV2023-High-Resolution-Depth-Estimation-for-360deg-Panoramas-Through-Perspective-and-Panoramic-Dep\Main.cpp(1847,50): warning C4244: '=': 將 'double' 轉換為 'float'，由於類型不同，可能導致資料遺失
D:\sheng\WACV2023-High-Resolution-Depth-Estimation-for-360deg-Panoramas-Through-Perspective-and-Panoramic-Dep\Main.cpp(1848,22): warning C4244: '=': 將 'double' 轉換為 'float'，由於類型不同，可能導致資料遺失
D:\sheng\WACV2023-High-Resolution-Depth-Estimation-for-360deg-Panoramas-Through-Perspective-and-Panoramic-Dep\Main.cpp(1848,56): warning C4244: '=': 將 'double' 轉換為 'float'，由於類型不同，可能導致資料遺失
D:\sheng\WACV2023-High-Resolution-Depth-Estimation-for-360deg-Panoramas-Through-Perspective-and-Panoramic-Dep\Main.cpp(2041,16): warning C4244: '正在初始化': 將 'double' 轉換為 'float'，由於類型不同，可能導致資料遺失
D:\sheng\WACV2023-High-Resolution-Depth-Estimation-for-360deg-Panoramas-Through-Perspective-and-Panoramic-Dep\Main.cpp(2041,41): warning C4244: '正在初始化': 將 'double' 轉換為 'float'，由於類型不同，可能導致資料遺失
D:\sheng\WACV2023-High-Resolution-Depth-Estimation-for-360deg-Panoramas-Through-Perspective-and-Panoramic-Dep\Main.cpp(2042,16): warning C4244: '正在初始化': 將 'double' 轉換為 'float'，由於類型不同，可能導致資料遺失
D:\sheng\WACV2023-High-Resolution-Depth-Estimation-for-360deg-Panoramas-Through-Perspective-and-Panoramic-Dep\Main.cpp(2042,42): warning C4244: '正在初始化': 將 'double' 轉換為 'float'，由於類型不同，可能導致資料遺失
D:\sheng\WACV2023-High-Resolution-Depth-Estimation-for-360deg-Panoramas-Through-Perspective-and-Panoramic-Dep\Main.cpp(2043,16): warning C4244: '正在初始化': 將 'double' 轉換為 'float'，由於類型不同，可能導致資料遺失
D:\sheng\WACV2023-High-Resolution-Depth-Estimation-for-360deg-Panoramas-Through-Perspective-and-Panoramic-Dep\Main.cpp(2043,43): warning C4244: '正在初始化': 將 'double' 轉換為 'float'，由於類型不同，可能導致資料遺失
D:\sheng\WACV2023-High-Resolution-Depth-Estimation-for-360deg-Panoramas-Through-Perspective-and-Panoramic-Dep\Main.cpp(2044,16): warning C4244: '正在初始化': 將 'double' 轉換為 'float'，由於類型不同，可能導致資料遺失
D:\sheng\WACV2023-High-Resolution-Depth-Estimation-for-360deg-Panoramas-Through-Perspective-and-Panoramic-Dep\Main.cpp(2044,43): warning C4244: '正在初始化': 將 'double' 轉換為 'float'，由於類型不同，可能導致資料遺失
D:\sheng\WACV2023-High-Resolution-Depth-Estimation-for-360deg-Panoramas-Through-Perspective-and-Panoramic-Dep\Main.cpp(2045,16): warning C4244: '正在初始化': 將 'double' 轉換為 'float'，由於類型不同，可能導致資料遺失
D:\sheng\WACV2023-High-Resolution-Depth-Estimation-for-360deg-Panoramas-Through-Perspective-and-Panoramic-Dep\Main.cpp(2045,43): warning C4244: '正在初始化': 將 'double' 轉換為 'float'，由於類型不同，可能導致資料遺失
D:\sheng\WACV2023-High-Resolution-Depth-Estimation-for-360deg-Panoramas-Through-Perspective-and-Panoramic-Dep\Main.cpp(2107,20): warning C4244: '=': 將 'double' 轉換為 'float'，由於類型不同，可能導致資料遺失
D:\sheng\WACV2023-High-Resolution-Depth-Estimation-for-360deg-Panoramas-Through-Perspective-and-Panoramic-Dep\Main.cpp(2107,46): warning C4244: '=': 將 'double' 轉換為 'float'，由於類型不同，可能導致資料遺失
D:\sheng\WACV2023-High-Resolution-Depth-Estimation-for-360deg-Panoramas-Through-Perspective-and-Panoramic-Dep\Main.cpp(2108,20): warning C4244: '=': 將 'double' 轉換為 'float'，由於類型不同，可能導致資料遺失
D:\sheng\WACV2023-High-Resolution-Depth-Estimation-for-360deg-Panoramas-Through-Perspective-and-Panoramic-Dep\Main.cpp(2108,46): warning C4244: '=': 將 'double' 轉換為 'float'，由於類型不同，可能導致資料遺失
D:\sheng\WACV2023-High-Resolution-Depth-Estimation-for-360deg-Panoramas-Through-Perspective-and-Panoramic-Dep\Main.cpp(2109,21): warning C4244: '=': 將 'double' 轉換為 'float'，由於類型不同，可能導致資料遺失
D:\sheng\WACV2023-High-Resolution-Depth-Estimation-for-360deg-Panoramas-Through-Perspective-and-Panoramic-Dep\Main.cpp(2109,48): warning C4244: '=': 將 'double' 轉換為 'float'，由於類型不同，可能導致資料遺失
D:\sheng\WACV2023-High-Resolution-Depth-Estimation-for-360deg-Panoramas-Through-Perspective-and-Panoramic-Dep\Main.cpp(2110,22): warning C4244: '=': 將 'double' 轉換為 'float'，由於類型不同，可能導致資料遺失
D:\sheng\WACV2023-High-Resolution-Depth-Estimation-for-360deg-Panoramas-Through-Perspective-and-Panoramic-Dep\Main.cpp(2110,48): warning C4244: '=': 將 'double' 轉換為 'float'，由於類型不同，可能導致資料遺失
D:\sheng\WACV2023-High-Resolution-Depth-Estimation-for-360deg-Panoramas-Through-Perspective-and-Panoramic-Dep\Main.cpp(2111,22): warning C4244: '=': 將 'double' 轉換為 'float'，由於類型不同，可能導致資料遺失
D:\sheng\WACV2023-High-Resolution-Depth-Estimation-for-360deg-Panoramas-Through-Perspective-and-Panoramic-Dep\Main.cpp(2111,49): warning C4244: '=': 將 'double' 轉換為 'float'，由於類型不同，可能導致資料遺失
D:\sheng\WACV2023-High-Resolution-Depth-Estimation-for-360deg-Panoramas-Through-Perspective-and-Panoramic-Dep\Main.cpp(2112,22): warning C4244: '=': 將 'double' 轉換為 'float'，由於類型不同，可能導致資料遺失
D:\sheng\WACV2023-High-Resolution-Depth-Estimation-for-360deg-Panoramas-Through-Perspective-and-Panoramic-Dep\Main.cpp(2112,49): warning C4244: '=': 將 'double' 轉換為 'float'，由於類型不同，可能導致資料遺失
D:\sheng\WACV2023-High-Resolution-Depth-Estimation-for-360deg-Panoramas-Through-Perspective-and-Panoramic-Dep\Main.cpp(2182,20): warning C4244: '=': 將 'double' 轉換為 'float'，由於類型不同，可能導致資料遺失
D:\sheng\WACV2023-High-Resolution-Depth-Estimation-for-360deg-Panoramas-Through-Perspective-and-Panoramic-Dep\Main.cpp(2182,47): warning C4244: '=': 將 'double' 轉換為 'float'，由於類型不同，可能導致資料遺失
D:\sheng\WACV2023-High-Resolution-Depth-Estimation-for-360deg-Panoramas-Through-Perspective-and-Panoramic-Dep\Main.cpp(2183,22): warning C4244: '=': 將 'double' 轉換為 'float'，由於類型不同，可能導致資料遺失
D:\sheng\WACV2023-High-Resolution-Depth-Estimation-for-360deg-Panoramas-Through-Perspective-and-Panoramic-Dep\Main.cpp(2183,49): warning C4244: '=': 將 'double' 轉換為 'float'，由於類型不同，可能導致資料遺失
D:\sheng\WACV2023-High-Resolution-Depth-Estimation-for-360deg-Panoramas-Through-Perspective-and-Panoramic-Dep\Main.cpp(2184,22): warning C4244: '=': 將 'double' 轉換為 'float'，由於類型不同，可能導致資料遺失
D:\sheng\WACV2023-High-Resolution-Depth-Estimation-for-360deg-Panoramas-Through-Perspective-and-Panoramic-Dep\Main.cpp(2184,49): warning C4244: '=': 將 'double' 轉換為 'float'，由於類型不同，可能導致資料遺失
D:\sheng\WACV2023-High-Resolution-Depth-Estimation-for-360deg-Panoramas-Through-Perspective-and-Panoramic-Dep\Main.cpp(2266,20): warning C4244: '=': 將 'double' 轉換為 'float'，由於類型不同，可能導致資料遺失
D:\sheng\WACV2023-High-Resolution-Depth-Estimation-for-360deg-Panoramas-Through-Perspective-and-Panoramic-Dep\Main.cpp(2266,46): warning C4244: '=': 將 'double' 轉換為 'float'，由於類型不同，可能導致資料遺失
D:\sheng\WACV2023-High-Resolution-Depth-Estimation-for-360deg-Panoramas-Through-Perspective-and-Panoramic-Dep\Main.cpp(2267,21): warning C4244: '=': 將 'double' 轉換為 'float'，由於類型不同，可能導致資料遺失
D:\sheng\WACV2023-High-Resolution-Depth-Estimation-for-360deg-Panoramas-Through-Perspective-and-Panoramic-Dep\Main.cpp(2267,48): warning C4244: '=': 將 'double' 轉換為 'float'，由於類型不同，可能導致資料遺失
D:\sheng\WACV2023-High-Resolution-Depth-Estimation-for-360deg-Panoramas-Through-Perspective-and-Panoramic-Dep\Main.cpp(2268,22): warning C4244: '=': 將 'double' 轉換為 'float'，由於類型不同，可能導致資料遺失
D:\sheng\WACV2023-High-Resolution-Depth-Estimation-for-360deg-Panoramas-Through-Perspective-and-Panoramic-Dep\Main.cpp(2268,49): warning C4244: '=': 將 'double' 轉換為 'float'，由於類型不同，可能導致資料遺失
D:\sheng\WACV2023-High-Resolution-Depth-Estimation-for-360deg-Panoramas-Through-Perspective-and-Panoramic-Dep\Main.cpp(2269,22): warning C4244: '=': 將 'double' 轉換為 'float'，由於類型不同，可能導致資料遺失
D:\sheng\WACV2023-High-Resolution-Depth-Estimation-for-360deg-Panoramas-Through-Perspective-and-Panoramic-Dep\Main.cpp(2269,49): warning C4244: '=': 將 'double' 轉換為 'float'，由於類型不同，可能導致資料遺失
D:\sheng\WACV2023-High-Resolution-Depth-Estimation-for-360deg-Panoramas-Through-Perspective-and-Panoramic-Dep\Main.cpp(2351,26): warning C4244: '=': 將 'double' 轉換為 'float'，由於類型不同，可能導致資料遺失
D:\sheng\WACV2023-High-Resolution-Depth-Estimation-for-360deg-Panoramas-Through-Perspective-and-Panoramic-Dep\Main.cpp(2351,58): warning C4244: '=': 將 'double' 轉換為 'float'，由於類型不同，可能導致資料遺失
D:\sheng\WACV2023-High-Resolution-Depth-Estimation-for-360deg-Panoramas-Through-Perspective-and-Panoramic-Dep\Main.cpp(2352,27): warning C4244: '=': 將 'double' 轉換為 'float'，由於類型不同，可能導致資料遺失
D:\sheng\WACV2023-High-Resolution-Depth-Estimation-for-360deg-Panoramas-Through-Perspective-and-Panoramic-Dep\Main.cpp(2352,60): warning C4244: '=': 將 'double' 轉換為 'float'，由於類型不同，可能導致資料遺失
D:\sheng\WACV2023-High-Resolution-Depth-Estimation-for-360deg-Panoramas-Through-Perspective-and-Panoramic-Dep\Main.cpp(2353,28): warning C4244: '=': 將 'double' 轉換為 'float'，由於類型不同，可能導致資料遺失
D:\sheng\WACV2023-High-Resolution-Depth-Estimation-for-360deg-Panoramas-Through-Perspective-and-Panoramic-Dep\Main.cpp(2353,61): warning C4244: '=': 將 'double' 轉換為 'float'，由於類型不同，可能導致資料遺失
D:\sheng\WACV2023-High-Resolution-Depth-Estimation-for-360deg-Panoramas-Through-Perspective-and-Panoramic-Dep\Main.cpp(2354,28): warning C4244: '=': 將 'double' 轉換為 'float'，由於類型不同，可能導致資料遺失
D:\sheng\WACV2023-High-Resolution-Depth-Estimation-for-360deg-Panoramas-Through-Perspective-and-Panoramic-Dep\Main.cpp(2354,61): warning C4244: '=': 將 'double' 轉換為 'float'，由於類型不同，可能導致資料遺失
D:\sheng\WACV2023-High-Resolution-Depth-Estimation-for-360deg-Panoramas-Through-Perspective-and-Panoramic-Dep\Main.cpp(2355,28): warning C4244: '=': 將 'double' 轉換為 'float'，由於類型不同，可能導致資料遺失
D:\sheng\WACV2023-High-Resolution-Depth-Estimation-for-360deg-Panoramas-Through-Perspective-and-Panoramic-Dep\Main.cpp(2355,61): warning C4244: '=': 將 'double' 轉換為 'float'，由於類型不同，可能導致資料遺失
D:\sheng\WACV2023-High-Resolution-Depth-Estimation-for-360deg-Panoramas-Through-Perspective-and-Panoramic-Dep\Main.cpp(2356,28): warning C4244: '=': 將 'double' 轉換為 'float'，由於類型不同，可能導致資料遺失
D:\sheng\WACV2023-High-Resolution-Depth-Estimation-for-360deg-Panoramas-Through-Perspective-and-Panoramic-Dep\Main.cpp(2356,61): warning C4244: '=': 將 'double' 轉換為 'float'，由於類型不同，可能導致資料遺失
D:\sheng\WACV2023-High-Resolution-Depth-Estimation-for-360deg-Panoramas-Through-Perspective-and-Panoramic-Dep\Main.cpp(2417,16): warning C4244: '正在初始化': 將 'double' 轉換為 'float'，由於類型不同，可能導致資料遺失
D:\sheng\WACV2023-High-Resolution-Depth-Estimation-for-360deg-Panoramas-Through-Perspective-and-Panoramic-Dep\Main.cpp(2417,41): warning C4244: '正在初始化': 將 'double' 轉換為 'float'，由於類型不同，可能導致資料遺失
D:\sheng\WACV2023-High-Resolution-Depth-Estimation-for-360deg-Panoramas-Through-Perspective-and-Panoramic-Dep\Main.cpp(2418,16): warning C4244: '正在初始化': 將 'double' 轉換為 'float'，由於類型不同，可能導致資料遺失
D:\sheng\WACV2023-High-Resolution-Depth-Estimation-for-360deg-Panoramas-Through-Perspective-and-Panoramic-Dep\Main.cpp(2418,42): warning C4244: '正在初始化': 將 'double' 轉換為 'float'，由於類型不同，可能導致資料遺失
D:\sheng\WACV2023-High-Resolution-Depth-Estimation-for-360deg-Panoramas-Through-Perspective-and-Panoramic-Dep\Main.cpp(2419,16): warning C4244: '正在初始化': 將 'double' 轉換為 'float'，由於類型不同，可能導致資料遺失
D:\sheng\WACV2023-High-Resolution-Depth-Estimation-for-360deg-Panoramas-Through-Perspective-and-Panoramic-Dep\Main.cpp(2419,42): warning C4244: '正在初始化': 將 'double' 轉換為 'float'，由於類型不同，可能導致資料遺失
D:\sheng\WACV2023-High-Resolution-Depth-Estimation-for-360deg-Panoramas-Through-Perspective-and-Panoramic-Dep\Main.cpp(2420,16): warning C4244: '正在初始化': 將 'double' 轉換為 'float'，由於類型不同，可能導致資料遺失
D:\sheng\WACV2023-High-Resolution-Depth-Estimation-for-360deg-Panoramas-Through-Perspective-and-Panoramic-Dep\Main.cpp(2420,43): warning C4244: '正在初始化': 將 'double' 轉換為 'float'，由於類型不同，可能導致資料遺失
D:\sheng\WACV2023-High-Resolution-Depth-Estimation-for-360deg-Panoramas-Through-Perspective-and-Panoramic-Dep\Main.cpp(2421,16): warning C4244: '正在初始化': 將 'double' 轉換為 'float'，由於類型不同，可能導致資料遺失
D:\sheng\WACV2023-High-Resolution-Depth-Estimation-for-360deg-Panoramas-Through-Perspective-and-Panoramic-Dep\Main.cpp(2421,43): warning C4244: '正在初始化': 將 'double' 轉換為 'float'，由於類型不同，可能導致資料遺失
D:\sheng\WACV2023-High-Resolution-Depth-Estimation-for-360deg-Panoramas-Through-Perspective-and-Panoramic-Dep\Main.cpp(2422,16): warning C4244: '正在初始化': 將 'double' 轉換為 'float'，由於類型不同，可能導致資料遺失
D:\sheng\WACV2023-High-Resolution-Depth-Estimation-for-360deg-Panoramas-Through-Perspective-and-Panoramic-Dep\Main.cpp(2422,43): warning C4244: '正在初始化': 將 'double' 轉換為 'float'，由於類型不同，可能導致資料遺失
D:\sheng\WACV2023-High-Resolution-Depth-Estimation-for-360deg-Panoramas-Through-Perspective-and-Panoramic-Dep\Main.cpp(2423,16): warning C4244: '正在初始化': 將 'double' 轉換為 'float'，由於類型不同，可能導致資料遺失
D:\sheng\WACV2023-High-Resolution-Depth-Estimation-for-360deg-Panoramas-Through-Perspective-and-Panoramic-Dep\Main.cpp(2423,43): warning C4244: '正在初始化': 將 'double' 轉換為 'float'，由於類型不同，可能導致資料遺失
D:\sheng\WACV2023-High-Resolution-Depth-Estimation-for-360deg-Panoramas-Through-Perspective-and-Panoramic-Dep\Main.cpp(2424,16): warning C4244: '正在初始化': 將 'double' 轉換為 'float'，由於類型不同，可能導致資料遺失
D:\sheng\WACV2023-High-Resolution-Depth-Estimation-for-360deg-Panoramas-Through-Perspective-and-Panoramic-Dep\Main.cpp(2424,43): warning C4244: '正在初始化': 將 'double' 轉換為 'float'，由於類型不同，可能導致資料遺失
D:\sheng\WACV2023-High-Resolution-Depth-Estimation-for-360deg-Panoramas-Through-Perspective-and-Panoramic-Dep\Main.cpp(2507,26): warning C4244: '=': 將 'double' 轉換為 'float'，由於類型不同，可能導致資料遺失
D:\sheng\WACV2023-High-Resolution-Depth-Estimation-for-360deg-Panoramas-Through-Perspective-and-Panoramic-Dep\Main.cpp(2507,58): warning C4244: '=': 將 'double' 轉換為 'float'，由於類型不同，可能導致資料遺失
D:\sheng\WACV2023-High-Resolution-Depth-Estimation-for-360deg-Panoramas-Through-Perspective-and-Panoramic-Dep\Main.cpp(2508,27): warning C4244: '=': 將 'double' 轉換為 'float'，由於類型不同，可能導致資料遺失
D:\sheng\WACV2023-High-Resolution-Depth-Estimation-for-360deg-Panoramas-Through-Perspective-and-Panoramic-Dep\Main.cpp(2508,60): warning C4244: '=': 將 'double' 轉換為 'float'，由於類型不同，可能導致資料遺失
D:\sheng\WACV2023-High-Resolution-Depth-Estimation-for-360deg-Panoramas-Through-Perspective-and-Panoramic-Dep\Main.cpp(2509,28): warning C4244: '=': 將 'double' 轉換為 'float'，由於類型不同，可能導致資料遺失
D:\sheng\WACV2023-High-Resolution-Depth-Estimation-for-360deg-Panoramas-Through-Perspective-and-Panoramic-Dep\Main.cpp(2509,61): warning C4244: '=': 將 'double' 轉換為 'float'，由於類型不同，可能導致資料遺失
D:\sheng\WACV2023-High-Resolution-Depth-Estimation-for-360deg-Panoramas-Through-Perspective-and-Panoramic-Dep\Main.cpp(2510,28): warning C4244: '=': 將 'double' 轉換為 'float'，由於類型不同，可能導致資料遺失
D:\sheng\WACV2023-High-Resolution-Depth-Estimation-for-360deg-Panoramas-Through-Perspective-and-Panoramic-Dep\Main.cpp(2510,61): warning C4244: '=': 將 'double' 轉換為 'float'，由於類型不同，可能導致資料遺失
D:\sheng\WACV2023-High-Resolution-Depth-Estimation-for-360deg-Panoramas-Through-Perspective-and-Panoramic-Dep\Main.cpp(2511,28): warning C4244: '=': 將 'double' 轉換為 'float'，由於類型不同，可能導致資料遺失
D:\sheng\WACV2023-High-Resolution-Depth-Estimation-for-360deg-Panoramas-Through-Perspective-and-Panoramic-Dep\Main.cpp(2511,61): warning C4244: '=': 將 'double' 轉換為 'float'，由於類型不同，可能導致資料遺失
D:\sheng\WACV2023-High-Resolution-Depth-Estimation-for-360deg-Panoramas-Through-Perspective-and-Panoramic-Dep\Main.cpp(2512,28): warning C4244: '=': 將 'double' 轉換為 'float'，由於類型不同，可能導致資料遺失
D:\sheng\WACV2023-High-Resolution-Depth-Estimation-for-360deg-Panoramas-Through-Perspective-and-Panoramic-Dep\Main.cpp(2512,61): warning C4244: '=': 將 'double' 轉換為 'float'，由於類型不同，可能導致資料遺失
D:\sheng\WACV2023-High-Resolution-Depth-Estimation-for-360deg-Panoramas-Through-Perspective-and-Panoramic-Dep\Main.cpp(2591,26): warning C4244: '=': 將 'double' 轉換為 'float'，由於類型不同，可能導致資料遺失
D:\sheng\WACV2023-High-Resolution-Depth-Estimation-for-360deg-Panoramas-Through-Perspective-and-Panoramic-Dep\Main.cpp(2591,58): warning C4244: '=': 將 'double' 轉換為 'float'，由於類型不同，可能導致資料遺失
D:\sheng\WACV2023-High-Resolution-Depth-Estimation-for-360deg-Panoramas-Through-Perspective-and-Panoramic-Dep\Main.cpp(2592,27): warning C4244: '=': 將 'double' 轉換為 'float'，由於類型不同，可能導致資料遺失
D:\sheng\WACV2023-High-Resolution-Depth-Estimation-for-360deg-Panoramas-Through-Perspective-and-Panoramic-Dep\Main.cpp(2592,60): warning C4244: '=': 將 'double' 轉換為 'float'，由於類型不同，可能導致資料遺失
D:\sheng\WACV2023-High-Resolution-Depth-Estimation-for-360deg-Panoramas-Through-Perspective-and-Panoramic-Dep\Main.cpp(2593,28): warning C4244: '=': 將 'double' 轉換為 'float'，由於類型不同，可能導致資料遺失
D:\sheng\WACV2023-High-Resolution-Depth-Estimation-for-360deg-Panoramas-Through-Perspective-and-Panoramic-Dep\Main.cpp(2593,61): warning C4244: '=': 將 'double' 轉換為 'float'，由於類型不同，可能導致資料遺失
D:\sheng\WACV2023-High-Resolution-Depth-Estimation-for-360deg-Panoramas-Through-Perspective-and-Panoramic-Dep\Main.cpp(2594,28): warning C4244: '=': 將 'double' 轉換為 'float'，由於類型不同，可能導致資料遺失
D:\sheng\WACV2023-High-Resolution-Depth-Estimation-for-360deg-Panoramas-Through-Perspective-and-Panoramic-Dep\Main.cpp(2594,61): warning C4244: '=': 將 'double' 轉換為 'float'，由於類型不同，可能導致資料遺失
D:\sheng\WACV2023-High-Resolution-Depth-Estimation-for-360deg-Panoramas-Through-Perspective-and-Panoramic-Dep\Main.cpp(2595,28): warning C4244: '=': 將 'double' 轉換為 'float'，由於類型不同，可能導致資料遺失
D:\sheng\WACV2023-High-Resolution-Depth-Estimation-for-360deg-Panoramas-Through-Perspective-and-Panoramic-Dep\Main.cpp(2595,61): warning C4244: '=': 將 'double' 轉換為 'float'，由於類型不同，可能導致資料遺失
D:\sheng\WACV2023-High-Resolution-Depth-Estimation-for-360deg-Panoramas-Through-Perspective-and-Panoramic-Dep\Main.cpp(2596,28): warning C4244: '=': 將 'double' 轉換為 'float'，由於類型不同，可能導致資料遺失
D:\sheng\WACV2023-High-Resolution-Depth-Estimation-for-360deg-Panoramas-Through-Perspective-and-Panoramic-Dep\Main.cpp(2596,61): warning C4244: '=': 將 'double' 轉換為 'float'，由於類型不同，可能導致資料遺失
D:\sheng\WACV2023-High-Resolution-Depth-Estimation-for-360deg-Panoramas-Through-Perspective-and-Panoramic-Dep\Main.cpp(2687,26): warning C4244: '=': 將 'double' 轉換為 'float'，由於類型不同，可能導致資料遺失
D:\sheng\WACV2023-High-Resolution-Depth-Estimation-for-360deg-Panoramas-Through-Perspective-and-Panoramic-Dep\Main.cpp(2687,58): warning C4244: '=': 將 'double' 轉換為 'float'，由於類型不同，可能導致資料遺失
D:\sheng\WACV2023-High-Resolution-Depth-Estimation-for-360deg-Panoramas-Through-Perspective-and-Panoramic-Dep\Main.cpp(2688,27): warning C4244: '=': 將 'double' 轉換為 'float'，由於類型不同，可能導致資料遺失
D:\sheng\WACV2023-High-Resolution-Depth-Estimation-for-360deg-Panoramas-Through-Perspective-and-Panoramic-Dep\Main.cpp(2688,60): warning C4244: '=': 將 'double' 轉換為 'float'，由於類型不同，可能導致資料遺失
D:\sheng\WACV2023-High-Resolution-Depth-Estimation-for-360deg-Panoramas-Through-Perspective-and-Panoramic-Dep\Main.cpp(2689,28): warning C4244: '=': 將 'double' 轉換為 'float'，由於類型不同，可能導致資料遺失
D:\sheng\WACV2023-High-Resolution-Depth-Estimation-for-360deg-Panoramas-Through-Perspective-and-Panoramic-Dep\Main.cpp(2689,61): warning C4244: '=': 將 'double' 轉換為 'float'，由於類型不同，可能導致資料遺失
D:\sheng\WACV2023-High-Resolution-Depth-Estimation-for-360deg-Panoramas-Through-Perspective-and-Panoramic-Dep\Main.cpp(2690,28): warning C4244: '=': 將 'double' 轉換為 'float'，由於類型不同，可能導致資料遺失
D:\sheng\WACV2023-High-Resolution-Depth-Estimation-for-360deg-Panoramas-Through-Perspective-and-Panoramic-Dep\Main.cpp(2690,61): warning C4244: '=': 將 'double' 轉換為 'float'，由於類型不同，可能導致資料遺失
D:\sheng\WACV2023-High-Resolution-Depth-Estimation-for-360deg-Panoramas-Through-Perspective-and-Panoramic-Dep\Main.cpp(2691,28): warning C4244: '=': 將 'double' 轉換為 'float'，由於類型不同，可能導致資料遺失
D:\sheng\WACV2023-High-Resolution-Depth-Estimation-for-360deg-Panoramas-Through-Perspective-and-Panoramic-Dep\Main.cpp(2691,61): warning C4244: '=': 將 'double' 轉換為 'float'，由於類型不同，可能導致資料遺失
D:\sheng\WACV2023-High-Resolution-Depth-Estimation-for-360deg-Panoramas-Through-Perspective-and-Panoramic-Dep\Main.cpp(2692,28): warning C4244: '=': 將 'double' 轉換為 'float'，由於類型不同，可能導致資料遺失
D:\sheng\WACV2023-High-Resolution-Depth-Estimation-for-360deg-Panoramas-Through-Perspective-and-Panoramic-Dep\Main.cpp(2692,61): warning C4244: '=': 將 'double' 轉換為 'float'，由於類型不同，可能導致資料遺失
D:\sheng\WACV2023-High-Resolution-Depth-Estimation-for-360deg-Panoramas-Through-Perspective-and-Panoramic-Dep\Main.cpp(2694,21): warning C4244: '=': 將 'double' 轉換為 'float'，由於類型不同，可能導致資料遺失
D:\sheng\WACV2023-High-Resolution-Depth-Estimation-for-360deg-Panoramas-Through-Perspective-and-Panoramic-Dep\Main.cpp(2694,48): warning C4244: '=': 將 'double' 轉換為 'float'，由於類型不同，可能導致資料遺失
D:\sheng\WACV2023-High-Resolution-Depth-Estimation-for-360deg-Panoramas-Through-Perspective-and-Panoramic-Dep\Main.cpp(2695,22): warning C4244: '=': 將 'double' 轉換為 'float'，由於類型不同，可能導致資料遺失
D:\sheng\WACV2023-High-Resolution-Depth-Estimation-for-360deg-Panoramas-Through-Perspective-and-Panoramic-Dep\Main.cpp(2695,50): warning C4244: '=': 將 'double' 轉換為 'float'，由於類型不同，可能導致資料遺失
D:\sheng\WACV2023-High-Resolution-Depth-Estimation-for-360deg-Panoramas-Through-Perspective-and-Panoramic-Dep\Main.cpp(2696,23): warning C4244: '=': 將 'double' 轉換為 'float'，由於類型不同，可能導致資料遺失
D:\sheng\WACV2023-High-Resolution-Depth-Estimation-for-360deg-Panoramas-Through-Perspective-and-Panoramic-Dep\Main.cpp(2696,51): warning C4244: '=': 將 'double' 轉換為 'float'，由於類型不同，可能導致資料遺失
D:\sheng\WACV2023-High-Resolution-Depth-Estimation-for-360deg-Panoramas-Through-Perspective-and-Panoramic-Dep\Main.cpp(2697,23): warning C4244: '=': 將 'double' 轉換為 'float'，由於類型不同，可能導致資料遺失
D:\sheng\WACV2023-High-Resolution-Depth-Estimation-for-360deg-Panoramas-Through-Perspective-and-Panoramic-Dep\Main.cpp(2697,51): warning C4244: '=': 將 'double' 轉換為 'float'，由於類型不同，可能導致資料遺失
D:\sheng\WACV2023-High-Resolution-Depth-Estimation-for-360deg-Panoramas-Through-Perspective-and-Panoramic-Dep\Main.cpp(2803,26): warning C4244: '=': 將 'double' 轉換為 'float'，由於類型不同，可能導致資料遺失
D:\sheng\WACV2023-High-Resolution-Depth-Estimation-for-360deg-Panoramas-Through-Perspective-and-Panoramic-Dep\Main.cpp(2803,58): warning C4244: '=': 將 'double' 轉換為 'float'，由於類型不同，可能導致資料遺失
D:\sheng\WACV2023-High-Resolution-Depth-Estimation-for-360deg-Panoramas-Through-Perspective-and-Panoramic-Dep\Main.cpp(2804,27): warning C4244: '=': 將 'double' 轉換為 'float'，由於類型不同，可能導致資料遺失
D:\sheng\WACV2023-High-Resolution-Depth-Estimation-for-360deg-Panoramas-Through-Perspective-and-Panoramic-Dep\Main.cpp(2804,60): warning C4244: '=': 將 'double' 轉換為 'float'，由於類型不同，可能導致資料遺失
D:\sheng\WACV2023-High-Resolution-Depth-Estimation-for-360deg-Panoramas-Through-Perspective-and-Panoramic-Dep\Main.cpp(2805,28): warning C4244: '=': 將 'double' 轉換為 'float'，由於類型不同，可能導致資料遺失
D:\sheng\WACV2023-High-Resolution-Depth-Estimation-for-360deg-Panoramas-Through-Perspective-and-Panoramic-Dep\Main.cpp(2805,61): warning C4244: '=': 將 'double' 轉換為 'float'，由於類型不同，可能導致資料遺失
D:\sheng\WACV2023-High-Resolution-Depth-Estimation-for-360deg-Panoramas-Through-Perspective-and-Panoramic-Dep\Main.cpp(2806,28): warning C4244: '=': 將 'double' 轉換為 'float'，由於類型不同，可能導致資料遺失
D:\sheng\WACV2023-High-Resolution-Depth-Estimation-for-360deg-Panoramas-Through-Perspective-and-Panoramic-Dep\Main.cpp(2806,61): warning C4244: '=': 將 'double' 轉換為 'float'，由於類型不同，可能導致資料遺失
D:\sheng\WACV2023-High-Resolution-Depth-Estimation-for-360deg-Panoramas-Through-Perspective-and-Panoramic-Dep\Main.cpp(2807,28): warning C4244: '=': 將 'double' 轉換為 'float'，由於類型不同，可能導致資料遺失
D:\sheng\WACV2023-High-Resolution-Depth-Estimation-for-360deg-Panoramas-Through-Perspective-and-Panoramic-Dep\Main.cpp(2807,61): warning C4244: '=': 將 'double' 轉換為 'float'，由於類型不同，可能導致資料遺失
D:\sheng\WACV2023-High-Resolution-Depth-Estimation-for-360deg-Panoramas-Through-Perspective-and-Panoramic-Dep\Main.cpp(2808,28): warning C4244: '=': 將 'double' 轉換為 'float'，由於類型不同，可能導致資料遺失
D:\sheng\WACV2023-High-Resolution-Depth-Estimation-for-360deg-Panoramas-Through-Perspective-and-Panoramic-Dep\Main.cpp(2808,61): warning C4244: '=': 將 'double' 轉換為 'float'，由於類型不同，可能導致資料遺失
D:\sheng\WACV2023-High-Resolution-Depth-Estimation-for-360deg-Panoramas-Through-Perspective-and-Panoramic-Dep\Main.cpp(2810,27): warning C4244: '=': 將 'double' 轉換為 'float'，由於類型不同，可能導致資料遺失
D:\sheng\WACV2023-High-Resolution-Depth-Estimation-for-360deg-Panoramas-Through-Perspective-and-Panoramic-Dep\Main.cpp(2810,60): warning C4244: '=': 將 'double' 轉換為 'float'，由於類型不同，可能導致資料遺失
D:\sheng\WACV2023-High-Resolution-Depth-Estimation-for-360deg-Panoramas-Through-Perspective-and-Panoramic-Dep\Main.cpp(2811,28): warning C4244: '=': 將 'double' 轉換為 'float'，由於類型不同，可能導致資料遺失
D:\sheng\WACV2023-High-Resolution-Depth-Estimation-for-360deg-Panoramas-Through-Perspective-and-Panoramic-Dep\Main.cpp(2811,62): warning C4244: '=': 將 'double' 轉換為 'float'，由於類型不同，可能導致資料遺失
D:\sheng\WACV2023-High-Resolution-Depth-Estimation-for-360deg-Panoramas-Through-Perspective-and-Panoramic-Dep\Main.cpp(2812,29): warning C4244: '=': 將 'double' 轉換為 'float'，由於類型不同，可能導致資料遺失
D:\sheng\WACV2023-High-Resolution-Depth-Estimation-for-360deg-Panoramas-Through-Perspective-and-Panoramic-Dep\Main.cpp(2812,63): warning C4244: '=': 將 'double' 轉換為 'float'，由於類型不同，可能導致資料遺失
D:\sheng\WACV2023-High-Resolution-Depth-Estimation-for-360deg-Panoramas-Through-Perspective-and-Panoramic-Dep\Main.cpp(2813,29): warning C4244: '=': 將 'double' 轉換為 'float'，由於類型不同，可能導致資料遺失
D:\sheng\WACV2023-High-Resolution-Depth-Estimation-for-360deg-Panoramas-Through-Perspective-and-Panoramic-Dep\Main.cpp(2813,63): warning C4244: '=': 將 'double' 轉換為 'float'，由於類型不同，可能導致資料遺失
D:\sheng\WACV2023-High-Resolution-Depth-Estimation-for-360deg-Panoramas-Through-Perspective-and-Panoramic-Dep\Main.cpp(2814,29): warning C4244: '=': 將 'double' 轉換為 'float'，由於類型不同，可能導致資料遺失
D:\sheng\WACV2023-High-Resolution-Depth-Estimation-for-360deg-Panoramas-Through-Perspective-and-Panoramic-Dep\Main.cpp(2814,63): warning C4244: '=': 將 'double' 轉換為 'float'，由於類型不同，可能導致資料遺失
D:\sheng\WACV2023-High-Resolution-Depth-Estimation-for-360deg-Panoramas-Through-Perspective-and-Panoramic-Dep\Main.cpp(2905,20): warning C4244: '=': 將 'double' 轉換為 'float'，由於類型不同，可能導致資料遺失
D:\sheng\WACV2023-High-Resolution-Depth-Estimation-for-360deg-Panoramas-Through-Perspective-and-Panoramic-Dep\Main.cpp(2905,55): warning C4244: '=': 將 'double' 轉換為 'float'，由於類型不同，可能導致資料遺失
D:\sheng\WACV2023-High-Resolution-Depth-Estimation-for-360deg-Panoramas-Through-Perspective-and-Panoramic-Dep\Main.cpp(2906,30): warning C4244: '=': 將 'double' 轉換為 'float'，由於類型不同，可能導致資料遺失
D:\sheng\WACV2023-High-Resolution-Depth-Estimation-for-360deg-Panoramas-Through-Perspective-and-Panoramic-Dep\Main.cpp(2906,67): warning C4244: '=': 將 'double' 轉換為 'float'，由於類型不同，可能導致資料遺失
D:\sheng\WACV2023-High-Resolution-Depth-Estimation-for-360deg-Panoramas-Through-Perspective-and-Panoramic-Dep\Main.cpp(2907,31): warning C4244: '=': 將 'double' 轉換為 'float'，由於類型不同，可能導致資料遺失
D:\sheng\WACV2023-High-Resolution-Depth-Estimation-for-360deg-Panoramas-Through-Perspective-and-Panoramic-Dep\Main.cpp(2907,68): warning C4244: '=': 將 'double' 轉換為 'float'，由於類型不同，可能導致資料遺失
D:\sheng\WACV2023-High-Resolution-Depth-Estimation-for-360deg-Panoramas-Through-Perspective-and-Panoramic-Dep\Main.cpp(2908,31): warning C4244: '=': 將 'double' 轉換為 'float'，由於類型不同，可能導致資料遺失
D:\sheng\WACV2023-High-Resolution-Depth-Estimation-for-360deg-Panoramas-Through-Perspective-and-Panoramic-Dep\Main.cpp(2908,68): warning C4244: '=': 將 'double' 轉換為 'float'，由於類型不同，可能導致資料遺失
D:\sheng\WACV2023-High-Resolution-Depth-Estimation-for-360deg-Panoramas-Through-Perspective-and-Panoramic-Dep\Main.cpp(2909,31): warning C4244: '=': 將 'double' 轉換為 'float'，由於類型不同，可能導致資料遺失
D:\sheng\WACV2023-High-Resolution-Depth-Estimation-for-360deg-Panoramas-Through-Perspective-and-Panoramic-Dep\Main.cpp(2909,68): warning C4244: '=': 將 'double' 轉換為 'float'，由於類型不同，可能導致資料遺失
D:\sheng\WACV2023-High-Resolution-Depth-Estimation-for-360deg-Panoramas-Through-Perspective-and-Panoramic-Dep\Main.cpp(2910,31): warning C4244: '=': 將 'double' 轉換為 'float'，由於類型不同，可能導致資料遺失
D:\sheng\WACV2023-High-Resolution-Depth-Estimation-for-360deg-Panoramas-Through-Perspective-and-Panoramic-Dep\Main.cpp(2910,59): warning C4244: '=': 將 'double' 轉換為 'float'，由於類型不同，可能導致資料遺失
D:\sheng\WACV2023-High-Resolution-Depth-Estimation-for-360deg-Panoramas-Through-Perspective-and-Panoramic-Dep\Main.cpp(2973,16): warning C4244: '正在初始化': 將 'double' 轉換為 'float'，由於類型不同，可能導致資料遺失
D:\sheng\WACV2023-High-Resolution-Depth-Estimation-for-360deg-Panoramas-Through-Perspective-and-Panoramic-Dep\Main.cpp(2973,41): warning C4244: '正在初始化': 將 'double' 轉換為 'float'，由於類型不同，可能導致資料遺失
D:\sheng\WACV2023-High-Resolution-Depth-Estimation-for-360deg-Panoramas-Through-Perspective-and-Panoramic-Dep\Main.cpp(2974,16): warning C4244: '正在初始化': 將 'double' 轉換為 'float'，由於類型不同，可能導致資料遺失
D:\sheng\WACV2023-High-Resolution-Depth-Estimation-for-360deg-Panoramas-Through-Perspective-and-Panoramic-Dep\Main.cpp(2974,42): warning C4244: '正在初始化': 將 'double' 轉換為 'float'，由於類型不同，可能導致資料遺失
D:\sheng\WACV2023-High-Resolution-Depth-Estimation-for-360deg-Panoramas-Through-Perspective-and-Panoramic-Dep\Main.cpp(2975,16): warning C4244: '正在初始化': 將 'double' 轉換為 'float'，由於類型不同，可能導致資料遺失
D:\sheng\WACV2023-High-Resolution-Depth-Estimation-for-360deg-Panoramas-Through-Perspective-and-Panoramic-Dep\Main.cpp(2975,43): warning C4244: '正在初始化': 將 'double' 轉換為 'float'，由於類型不同，可能導致資料遺失
D:\sheng\WACV2023-High-Resolution-Depth-Estimation-for-360deg-Panoramas-Through-Perspective-and-Panoramic-Dep\Main.cpp(2976,16): warning C4244: '正在初始化': 將 'double' 轉換為 'float'，由於類型不同，可能導致資料遺失
D:\sheng\WACV2023-High-Resolution-Depth-Estimation-for-360deg-Panoramas-Through-Perspective-and-Panoramic-Dep\Main.cpp(2976,43): warning C4244: '正在初始化': 將 'double' 轉換為 'float'，由於類型不同，可能導致資料遺失
D:\sheng\WACV2023-High-Resolution-Depth-Estimation-for-360deg-Panoramas-Through-Perspective-and-Panoramic-Dep\Main.cpp(2977,16): warning C4244: '正在初始化': 將 'double' 轉換為 'float'，由於類型不同，可能導致資料遺失
D:\sheng\WACV2023-High-Resolution-Depth-Estimation-for-360deg-Panoramas-Through-Perspective-and-Panoramic-Dep\Main.cpp(2977,43): warning C4244: '正在初始化': 將 'double' 轉換為 'float'，由於類型不同，可能導致資料遺失
D:\sheng\WACV2023-High-Resolution-Depth-Estimation-for-360deg-Panoramas-Through-Perspective-and-Panoramic-Dep\Main.cpp(3006,33): warning C4244: '正在初始化': 將 'double' 轉換為 'float'，由於類型不同，可能導致資料遺失
D:\sheng\WACV2023-High-Resolution-Depth-Estimation-for-360deg-Panoramas-Through-Perspective-and-Panoramic-Dep\Main.cpp(3013,16): warning C4244: '正在初始化': 將 'double' 轉換為 'float'，由於類型不同，可能導致資料遺失
D:\sheng\WACV2023-High-Resolution-Depth-Estimation-for-360deg-Panoramas-Through-Perspective-and-Panoramic-Dep\Main.cpp(3013,43): warning C4244: '正在初始化': 將 'double' 轉換為 'float'，由於類型不同，可能導致資料遺失
D:\sheng\WACV2023-High-Resolution-Depth-Estimation-for-360deg-Panoramas-Through-Perspective-and-Panoramic-Dep\Main.cpp(3020,16): warning C4244: '正在初始化': 將 'double' 轉換為 'float'，由於類型不同，可能導致資料遺失
D:\sheng\WACV2023-High-Resolution-Depth-Estimation-for-360deg-Panoramas-Through-Perspective-and-Panoramic-Dep\Main.cpp(3041,20): warning C4244: '=': 將 'double' 轉換為 'float'，由於類型不同，可能導致資料遺失
D:\sheng\WACV2023-High-Resolution-Depth-Estimation-for-360deg-Panoramas-Through-Perspective-and-Panoramic-Dep\Main.cpp(3041,55): warning C4244: '=': 將 'double' 轉換為 'float'，由於類型不同，可能導致資料遺失
D:\sheng\WACV2023-High-Resolution-Depth-Estimation-for-360deg-Panoramas-Through-Perspective-and-Panoramic-Dep\Main.cpp(3042,30): warning C4244: '=': 將 'double' 轉換為 'float'，由於類型不同，可能導致資料遺失
D:\sheng\WACV2023-High-Resolution-Depth-Estimation-for-360deg-Panoramas-Through-Perspective-and-Panoramic-Dep\Main.cpp(3042,67): warning C4244: '=': 將 'double' 轉換為 'float'，由於類型不同，可能導致資料遺失
D:\sheng\WACV2023-High-Resolution-Depth-Estimation-for-360deg-Panoramas-Through-Perspective-and-Panoramic-Dep\Main.cpp(3043,31): warning C4244: '=': 將 'double' 轉換為 'float'，由於類型不同，可能導致資料遺失
D:\sheng\WACV2023-High-Resolution-Depth-Estimation-for-360deg-Panoramas-Through-Perspective-and-Panoramic-Dep\Main.cpp(3043,68): warning C4244: '=': 將 'double' 轉換為 'float'，由於類型不同，可能導致資料遺失
D:\sheng\WACV2023-High-Resolution-Depth-Estimation-for-360deg-Panoramas-Through-Perspective-and-Panoramic-Dep\Main.cpp(3044,31): warning C4244: '=': 將 'double' 轉換為 'float'，由於類型不同，可能導致資料遺失
D:\sheng\WACV2023-High-Resolution-Depth-Estimation-for-360deg-Panoramas-Through-Perspective-and-Panoramic-Dep\Main.cpp(3044,68): warning C4244: '=': 將 'double' 轉換為 'float'，由於類型不同，可能導致資料遺失
D:\sheng\WACV2023-High-Resolution-Depth-Estimation-for-360deg-Panoramas-Through-Perspective-and-Panoramic-Dep\Main.cpp(3045,31): warning C4244: '=': 將 'double' 轉換為 'float'，由於類型不同，可能導致資料遺失
D:\sheng\WACV2023-High-Resolution-Depth-Estimation-for-360deg-Panoramas-Through-Perspective-and-Panoramic-Dep\Main.cpp(3045,68): warning C4244: '=': 將 'double' 轉換為 'float'，由於類型不同，可能導致資料遺失
D:\sheng\WACV2023-High-Resolution-Depth-Estimation-for-360deg-Panoramas-Through-Perspective-and-Panoramic-Dep\Main.cpp(3046,31): warning C4244: '=': 將 'double' 轉換為 'float'，由於類型不同，可能導致資料遺失
D:\sheng\WACV2023-High-Resolution-Depth-Estimation-for-360deg-Panoramas-Through-Perspective-and-Panoramic-Dep\Main.cpp(3046,59): warning C4244: '=': 將 'double' 轉換為 'float'，由於類型不同，可能導致資料遺失
D:\sheng\WACV2023-High-Resolution-Depth-Estimation-for-360deg-Panoramas-Through-Perspective-and-Panoramic-Dep\Main.cpp(3081,34): warning C4244: '正在初始化': 將 'double' 轉換為 'float'，由於類型不同，可能導致資料遺失
D:\sheng\WACV2023-High-Resolution-Depth-Estimation-for-360deg-Panoramas-Through-Perspective-and-Panoramic-Dep\Main.cpp(3089,17): warning C4244: '正在初始化': 將 'double' 轉換為 'float'，由於類型不同，可能導致資料遺失
D:\sheng\WACV2023-High-Resolution-Depth-Estimation-for-360deg-Panoramas-Through-Perspective-and-Panoramic-Dep\Main.cpp(3089,44): warning C4244: '正在初始化': 將 'double' 轉換為 'float'，由於類型不同，可能導致資料遺失
D:\sheng\WACV2023-High-Resolution-Depth-Estimation-for-360deg-Panoramas-Through-Perspective-and-Panoramic-Dep\Main.cpp(3097,17): warning C4244: '正在初始化': 將 'double' 轉換為 'float'，由於類型不同，可能導致資料遺失
D:\sheng\WACV2023-High-Resolution-Depth-Estimation-for-360deg-Panoramas-Through-Perspective-and-Panoramic-Dep\Main.cpp(3112,16): warning C4244: '正在初始化': 將 'double' 轉換為 'float'，由於類型不同，可能導致資料遺失
D:\sheng\WACV2023-High-Resolution-Depth-Estimation-for-360deg-Panoramas-Through-Perspective-and-Panoramic-Dep\Main.cpp(3112,41): warning C4244: '正在初始化': 將 'double' 轉換為 'float'，由於類型不同，可能導致資料遺失
D:\sheng\WACV2023-High-Resolution-Depth-Estimation-for-360deg-Panoramas-Through-Perspective-and-Panoramic-Dep\Main.cpp(3113,16): warning C4244: '正在初始化': 將 'double' 轉換為 'float'，由於類型不同，可能導致資料遺失
D:\sheng\WACV2023-High-Resolution-Depth-Estimation-for-360deg-Panoramas-Through-Perspective-and-Panoramic-Dep\Main.cpp(3113,42): warning C4244: '正在初始化': 將 'double' 轉換為 'float'，由於類型不同，可能導致資料遺失
D:\sheng\WACV2023-High-Resolution-Depth-Estimation-for-360deg-Panoramas-Through-Perspective-and-Panoramic-Dep\Main.cpp(3114,16): warning C4244: '正在初始化': 將 'double' 轉換為 'float'，由於類型不同，可能導致資料遺失
D:\sheng\WACV2023-High-Resolution-Depth-Estimation-for-360deg-Panoramas-Through-Perspective-and-Panoramic-Dep\Main.cpp(3114,43): warning C4244: '正在初始化': 將 'double' 轉換為 'float'，由於類型不同，可能導致資料遺失
D:\sheng\WACV2023-High-Resolution-Depth-Estimation-for-360deg-Panoramas-Through-Perspective-and-Panoramic-Dep\Main.cpp(3115,16): warning C4244: '正在初始化': 將 'double' 轉換為 'float'，由於類型不同，可能導致資料遺失
D:\sheng\WACV2023-High-Resolution-Depth-Estimation-for-360deg-Panoramas-Through-Perspective-and-Panoramic-Dep\Main.cpp(3115,43): warning C4244: '正在初始化': 將 'double' 轉換為 'float'，由於類型不同，可能導致資料遺失
D:\sheng\WACV2023-High-Resolution-Depth-Estimation-for-360deg-Panoramas-Through-Perspective-and-Panoramic-Dep\Main.cpp(3116,16): warning C4244: '正在初始化': 將 'double' 轉換為 'float'，由於類型不同，可能導致資料遺失
D:\sheng\WACV2023-High-Resolution-Depth-Estimation-for-360deg-Panoramas-Through-Perspective-and-Panoramic-Dep\Main.cpp(3116,43): warning C4244: '正在初始化': 將 'double' 轉換為 'float'，由於類型不同，可能導致資料遺失
D:\sheng\WACV2023-High-Resolution-Depth-Estimation-for-360deg-Panoramas-Through-Perspective-and-Panoramic-Dep\Main.cpp(3169,16): warning C4244: '正在初始化': 將 'double' 轉換為 'float'，由於類型不同，可能導致資料遺失
D:\sheng\WACV2023-High-Resolution-Depth-Estimation-for-360deg-Panoramas-Through-Perspective-and-Panoramic-Dep\Main.cpp(3169,41): warning C4244: '正在初始化': 將 'double' 轉換為 'float'，由於類型不同，可能導致資料遺失
D:\sheng\WACV2023-High-Resolution-Depth-Estimation-for-360deg-Panoramas-Through-Perspective-and-Panoramic-Dep\Main.cpp(3170,16): warning C4244: '正在初始化': 將 'double' 轉換為 'float'，由於類型不同，可能導致資料遺失
D:\sheng\WACV2023-High-Resolution-Depth-Estimation-for-360deg-Panoramas-Through-Perspective-and-Panoramic-Dep\Main.cpp(3170,43): warning C4244: '正在初始化': 將 'double' 轉換為 'float'，由於類型不同，可能導致資料遺失
D:\sheng\WACV2023-High-Resolution-Depth-Estimation-for-360deg-Panoramas-Through-Perspective-and-Panoramic-Dep\Main.cpp(3171,16): warning C4244: '正在初始化': 將 'double' 轉換為 'float'，由於類型不同，可能導致資料遺失
D:\sheng\WACV2023-High-Resolution-Depth-Estimation-for-360deg-Panoramas-Through-Perspective-and-Panoramic-Dep\Main.cpp(3171,43): warning C4244: '正在初始化': 將 'double' 轉換為 'float'，由於類型不同，可能導致資料遺失
D:\sheng\WACV2023-High-Resolution-Depth-Estimation-for-360deg-Panoramas-Through-Perspective-and-Panoramic-Dep\Main.cpp(2177,10): warning C4101: 'azi40': 未參考的區域變數
D:\sheng\WACV2023-High-Resolution-Depth-Estimation-for-360deg-Panoramas-Through-Perspective-and-Panoramic-Dep\Main.cpp(2176,17): warning C4101: 'azi31': 未參考的區域變數
D:\sheng\WACV2023-High-Resolution-Depth-Estimation-for-360deg-Panoramas-Through-Perspective-and-Panoramic-Dep\Main.cpp(2178,10): warning C4101: 'azi50': 未參考的區域變數
D:\sheng\WACV2023-High-Resolution-Depth-Estimation-for-360deg-Panoramas-Through-Perspective-and-Panoramic-Dep\Main.cpp(2178,17): warning C4101: 'azi51': 未參考的區域變數
D:\sheng\WACV2023-High-Resolution-Depth-Estimation-for-360deg-Panoramas-Through-Perspective-and-Panoramic-Dep\Main.cpp(2176,10): warning C4101: 'azi30': 未參考的區域變數
D:\sheng\WACV2023-High-Resolution-Depth-Estimation-for-360deg-Panoramas-Through-Perspective-and-Panoramic-Dep\Main.cpp(2177,17): warning C4101: 'azi41': 未參考的區域變數
D:\sheng\WACV2023-High-Resolution-Depth-Estimation-for-360deg-Panoramas-Through-Perspective-and-Panoramic-Dep\Main.cpp(2261,10): warning C4101: 'azi40': 未參考的區域變數
D:\sheng\WACV2023-High-Resolution-Depth-Estimation-for-360deg-Panoramas-Through-Perspective-and-Panoramic-Dep\Main.cpp(2262,10): warning C4101: 'azi50': 未參考的區域變數
D:\sheng\WACV2023-High-Resolution-Depth-Estimation-for-360deg-Panoramas-Through-Perspective-and-Panoramic-Dep\Main.cpp(2262,17): warning C4101: 'azi51': 未參考的區域變數
D:\sheng\WACV2023-High-Resolution-Depth-Estimation-for-360deg-Panoramas-Through-Perspective-and-Panoramic-Dep\Main.cpp(2261,17): warning C4101: 'azi41': 未參考的區域變數
D:\sheng\WACV2023-High-Resolution-Depth-Estimation-for-360deg-Panoramas-Through-Perspective-and-Panoramic-Dep\Main.cpp(2683,18): warning C4101: 'azi541': 未參考的區域變數
D:\sheng\WACV2023-High-Resolution-Depth-Estimation-for-360deg-Panoramas-Through-Perspective-and-Panoramic-Dep\Main.cpp(2683,10): warning C4101: 'azi540': 未參考的區域變數
     正在建立程式庫 D:\sheng\WACV2023-High-Resolution-Depth-Estimation-for-360deg-Panoramas-Through-Perspective-and-Panoramic-Dep\x64\Release\WACV2022.lib 和物件 D:\sheng\WACV2023-High-Resolution-Depth-Estimation-for-360deg-Panoramas-Through-Perspective-and-Panoramic-Dep\x64\Release\WACV2022.exp
  正在產生程式碼
  2 of 3480 functions (<0.1%) were compiled, the rest were copied from previous compilation.
    0 functions were new in current compilation
    22 functions had inline decision re-evaluated but remain unchanged
  已完成程式碼產生
  WACV2022.vcxproj -> D:\sheng\WACV2023-High-Resolution-Depth-Estimation-for-360deg-Panoramas-Through-Perspective-and-Panoramic-Dep\x64\Release\WACV2022.exe
