c:\users\user\sheng\wacv2023-high-resolution-depth-estimation-for-360deg-panoramas-through-perspective-and-panoramic-dep\x64\release\vc142.pdb
c:\users\user\sheng\wacv2023-high-resolution-depth-estimation-for-360deg-panoramas-through-perspective-and-panoramic-dep\x64\release\glsl.obj
c:\users\user\sheng\wacv2023-high-resolution-depth-estimation-for-360deg-panoramas-through-perspective-and-panoramic-dep\x64\release\spheremesh.obj
c:\users\user\sheng\wacv2023-high-resolution-depth-estimation-for-360deg-panoramas-through-perspective-and-panoramic-dep\x64\release\main.obj
c:\users\user\sheng\wacv2023-high-resolution-depth-estimation-for-360deg-panoramas-through-perspective-and-panoramic-dep\x64\release\depth.obj
c:\users\user\sheng\wacv2023-high-resolution-depth-estimation-for-360deg-panoramas-through-perspective-and-panoramic-dep\x64\release\glew.obj
d:\sheng\wacv2023-high-resolution-depth-estimation-for-360deg-panoramas-through-perspective-and-panoramic-dep\x64\release\vc142.pdb
d:\sheng\wacv2023-high-resolution-depth-estimation-for-360deg-panoramas-through-perspective-and-panoramic-dep\x64\release\glsl.obj
d:\sheng\wacv2023-high-resolution-depth-estimation-for-360deg-panoramas-through-perspective-and-panoramic-dep\x64\release\spheremesh.obj
d:\sheng\wacv2023-high-resolution-depth-estimation-for-360deg-panoramas-through-perspective-and-panoramic-dep\x64\release\main.obj
d:\sheng\wacv2023-high-resolution-depth-estimation-for-360deg-panoramas-through-perspective-and-panoramic-dep\x64\release\depth.obj
d:\sheng\wacv2023-high-resolution-depth-estimation-for-360deg-panoramas-through-perspective-and-panoramic-dep\x64\release\glew.obj
c:\users\user\sheng\wacv2023-high-resolution-depth-estimation-for-360deg-panoramas-through-perspective-and-panoramic-dep\x64\release\wacv2022.exe
c:\users\user\sheng\wacv2023-high-resolution-depth-estimation-for-360deg-panoramas-through-perspective-and-panoramic-dep\x64\release\wacv2022.pdb
d:\sheng\wacv2023-high-resolution-depth-estimation-for-360deg-panoramas-through-perspective-and-panoramic-dep\x64\release\wacv2022.exe
d:\sheng\wacv2023-high-resolution-depth-estimation-for-360deg-panoramas-through-perspective-and-panoramic-dep\x64\release\wacv2022.pdb
d:\nycu\research\wacv2023-high-resolution-depth-estimation-for-360deg-panoramas-through-perspective-and-panoramic-dep\x64\release\wacv2022.lib
d:\nycu\research\wacv2023-high-resolution-depth-estimation-for-360deg-panoramas-through-perspective-and-panoramic-dep\x64\release\wacv2022.exp
d:\nycu\research\wacv2023-high-resolution-depth-estimation-for-360deg-panoramas-through-perspective-and-panoramic-dep\x64\release\wacv2022.ipdb
d:\nycu\research\wacv2023-high-resolution-depth-estimation-for-360deg-panoramas-through-perspective-and-panoramic-dep\x64\release\wacv2022.iobj
c:\users\user\sheng\wacv2023-high-resolution-depth-estimation-for-360deg-panoramas-through-perspective-and-panoramic-dep\x64\release\wacv2022.lib
c:\users\user\sheng\wacv2023-high-resolution-depth-estimation-for-360deg-panoramas-through-perspective-and-panoramic-dep\x64\release\wacv2022.exp
c:\users\user\sheng\wacv2023-high-resolution-depth-estimation-for-360deg-panoramas-through-perspective-and-panoramic-dep\x64\release\wacv2022.ipdb
c:\users\user\sheng\wacv2023-high-resolution-depth-estimation-for-360deg-panoramas-through-perspective-and-panoramic-dep\x64\release\wacv2022.iobj
d:\nycu\research\new_wacv\wacv2023-high-resolution-depth-estimation-for-360deg-panoramas-through-perspective-and-panoramic-dep\x64\release\wacv2022.lib
d:\nycu\research\new_wacv\wacv2023-high-resolution-depth-estimation-for-360deg-panoramas-through-perspective-and-panoramic-dep\x64\release\wacv2022.exp
d:\nycu\research\new_wacv\wacv2023-high-resolution-depth-estimation-for-360deg-panoramas-through-perspective-and-panoramic-dep\x64\release\wacv2022.ipdb
d:\nycu\research\new_wacv\wacv2023-high-resolution-depth-estimation-for-360deg-panoramas-through-perspective-and-panoramic-dep\x64\release\wacv2022.iobj
d:\sheng\wacv2023-high-resolution-depth-estimation-for-360deg-panoramas-through-perspective-and-panoramic-dep\x64\release\wacv2022.lib
d:\sheng\wacv2023-high-resolution-depth-estimation-for-360deg-panoramas-through-perspective-and-panoramic-dep\x64\release\wacv2022.exp
d:\sheng\wacv2023-high-resolution-depth-estimation-for-360deg-panoramas-through-perspective-and-panoramic-dep\x64\release\wacv2022.ipdb
d:\sheng\wacv2023-high-resolution-depth-estimation-for-360deg-panoramas-through-perspective-and-panoramic-dep\x64\release\wacv2022.iobj
d:\sheng\wacv2023-high-resolution-depth-estimation-for-360deg-panoramas-through-perspective-and-panoramic-dep\x64\release\wacv2022.tlog\cl.command.1.tlog
d:\sheng\wacv2023-high-resolution-depth-estimation-for-360deg-panoramas-through-perspective-and-panoramic-dep\x64\release\wacv2022.tlog\cl.read.1.tlog
d:\sheng\wacv2023-high-resolution-depth-estimation-for-360deg-panoramas-through-perspective-and-panoramic-dep\x64\release\wacv2022.tlog\cl.write.1.tlog
d:\sheng\wacv2023-high-resolution-depth-estimation-for-360deg-panoramas-through-perspective-and-panoramic-dep\x64\release\wacv2022.tlog\link.command.1.tlog
d:\sheng\wacv2023-high-resolution-depth-estimation-for-360deg-panoramas-through-perspective-and-panoramic-dep\x64\release\wacv2022.tlog\link.delete.1.tlog
d:\sheng\wacv2023-high-resolution-depth-estimation-for-360deg-panoramas-through-perspective-and-panoramic-dep\x64\release\wacv2022.tlog\link.read.1.tlog
d:\sheng\wacv2023-high-resolution-depth-estimation-for-360deg-panoramas-through-perspective-and-panoramic-dep\x64\release\wacv2022.tlog\link.write.1.tlog
d:\sheng\wacv2023-high-resolution-depth-estimation-for-360deg-panoramas-through-perspective-and-panoramic-dep\x64\release\wacv2022.tlog\wacv2022.write.1u.tlog
